\BOOKMARK [0][-]{section*.2}{Introdução }{}% 1
\BOOKMARK [0][-]{chapter.3}{Fundamentação Teórica }{}% 2
\BOOKMARK [1][-]{section*.5}{Métricas de Avaliação}{chapter.3}% 3
\BOOKMARK [2][-]{section*.7}{Matriz de Confusão}{section*.5}% 4
\BOOKMARK [2][-]{section*.9}{Métricas de Desempenho e o Problema do Desbalanceamento}{section*.5}% 5
\BOOKMARK [1][-]{section*.14}{Teoria dos Grafos}{chapter.3}% 6
\BOOKMARK [2][-]{section*.16}{Grafos Temporais}{section*.14}% 7
\BOOKMARK [2][-]{section*.18}{Atributos Topológicos}{section*.14}% 8
\BOOKMARK [3][-]{section*.20}{Métricas de Centralidade e Coesão}{section*.18}% 9
\BOOKMARK [3][-]{section*.28}{Detecção de Comunidades}{section*.18}% 10
\BOOKMARK [3][-]{section*.31}{Padrões de Vizinhança e Motifs}{section*.18}% 11
\BOOKMARK [0][-]{chapter.32}{Metodologia e Desenvolvimento }{}% 12
\BOOKMARK [1][-]{section*.34}{Base de Dados}{chapter.32}% 13
\BOOKMARK [2][-]{section*.37}{Pré-processamento e Padronização dos Dados}{section*.34}% 14
\BOOKMARK [1][-]{section*.41}{Modelagem da Janela Deslizante e Agregação de Arestas}{chapter.32}% 15
\BOOKMARK [1][-]{section*.43}{Engenharia de Features Topológicas}{chapter.32}% 16
\BOOKMARK [2][-]{section*.45}{Métricas de Centralidade e Coesão}{section*.43}% 17
\BOOKMARK [2][-]{section*.47}{Detecção de Comunidades \(Leiden\)}{section*.43}% 18
\BOOKMARK [2][-]{section*.49}{Padrões de Vizinhança, Agregação e Motifs}{section*.43}% 19
\BOOKMARK [1][-]{section*.51}{Arquitetura Preditiva e Calibração de Limiar com XGBoost}{chapter.32}% 20
\BOOKMARK [2][-]{section*.53}{Divisão Cronológica dos Dados \(Forward-Chaining\)}{section*.51}% 21
\BOOKMARK [1][-]{section*.55}{Modelagem Preditiva e Tratamento de Desbalanceamento com XGBoost}{chapter.32}% 22
\BOOKMARK [2][-]{section*.57}{Ponderação Dinâmica da Função de Perda}{section*.55}% 23
\BOOKMARK [2][-]{section*.60}{Estudo de Ablação}{section*.55}% 24
\BOOKMARK [0][-]{chapter.61}{Resultados e Discussão }{}% 25
\BOOKMARK [1][-]{section*.63}{Desempenho dos Modelos Baseline e Full}{chapter.61}% 26
\BOOKMARK [2][-]{section*.65}{Resultados no Dataset HI Small}{section*.63}% 27
\BOOKMARK [2][-]{section*.69}{Resultados no Dataset HI Medium}{section*.63}% 28
\BOOKMARK [2][-]{section*.73}{Análise Comparativa Entre Datasets}{section*.63}% 29
\BOOKMARK [2][-]{section*.75}{Métrica Precision@k e Eficácia Operacional}{section*.63}% 30
\BOOKMARK [2][-]{section*.79}{Análise de Desempenho Temporal no HI Small}{section*.63}% 31
\BOOKMARK [2][-]{section*.82}{Análise de Desempenho Temporal no HI Medium}{section*.63}% 32
\BOOKMARK [1][-]{section*.85}{Validação Estatística do Estudo de Ablação}{chapter.61}% 33
\BOOKMARK [2][-]{section*.87}{Testes Estatísticos no HI Small}{section*.85}% 34
\BOOKMARK [2][-]{section*.90}{Testes Estatísticos no HI Medium}{section*.85}% 35
\BOOKMARK [1][-]{section*.93}{Captura de Entidades Fraudulentas em Nível Operacional}{chapter.61}% 36
\BOOKMARK [2][-]{section*.95}{Análise em Nível de Entidades \(HI Small\)}{section*.93}% 37
\BOOKMARK [2][-]{section*.98}{Análise em Nível de Entidades \(HI Medium\)}{section*.93}% 38
\BOOKMARK [1][-]{section*.101}{Importância Global das Features via SHAP}{chapter.61}% 39
\BOOKMARK [2][-]{section*.103}{Análise SHAP no HI Small}{section*.101}% 40
\BOOKMARK [2][-]{section*.107}{Análise SHAP no HI Medium}{section*.101}% 41
\BOOKMARK [1][-]{section*.111}{Métricas Topológicas dos Algoritmos}{chapter.61}% 42
\BOOKMARK [2][-]{section*.114}{O Paradoxo Estrutural do Algoritmo de Leiden}{section*.111}% 43
\BOOKMARK [1][-]{section*.116}{Discussão dos Resultados}{chapter.61}% 44
\BOOKMARK [0][-]{chapter.119}{Conclusão }{}% 45
\BOOKMARK [1][-]{section*.121}{Principais Contribuições}{chapter.119}% 46
\BOOKMARK [1][-]{section*.126}{Implicações Práticas}{chapter.119}% 47
\BOOKMARK [1][-]{section*.128}{Limitações e Trabalhos Futuros}{chapter.119}% 48
\BOOKMARK [1][-]{section*.134}{Considerações Finais}{chapter.119}% 49
\BOOKMARK [0][-]{section*.135}{Refer\352ncias Bibliogr\341ficas }{}% 50
